node.exe : npm warn Unknown global 
config "python". This will stop working 
in the next major version of npm.
At C:\Program Files\nodejs\npm.ps1:29 
char:3
+   & $NODE_EXE $NPM_CLI_JS $args
+   ~~~~~~~~~~~~~~~~~~~~~~~~~~~~~
    + CategoryInfo          : NotSpecifi 
   ed: (npm warn Unknow...version of np  
  m.:String) [], RemoteException
    + FullyQualifiedErrorId : NativeComm 
   andError
 

> dsav@0.0.0 build
> tsc -b && vite build

src/components/landing/Footer.tsx(1,1): error TS6133: 'motion' is declared but its value is never read.
src/components/visualizer/QueueVisualizer.tsx(241,30): error TS2304: Cannot find name 'Minimize'.
src/components/visualizer/SearchVisualizer.tsx(12,5): error TS6133: 'BarChart3' is declared but its value is never read.
src/components/visualizer/SearchVisualizer.tsx(186,39): error TS6133: 'isComparing' is declared but its value is never read.
